Null graph:
( )
Total Steiner tree weight: 0

K_7 graph:
( 4 9 14 17 20 )
Total Steiner tree weight: 5

K_7 Non Complete graph-1:
( 0 1 2 )
Total Steiner tree weight: 6

K_7 Non Complete graph-2:
( 0 1 2 )
Total Steiner tree weight: 6

K_7_Unit graph:
( 0 1 2 )
Total Steiner tree weight: 3

K_7_Real graph:
( 4 9 14 17 20 )
Total Steiner tree weight: 2.5

K_7 graph with parallel edges:
( 4 10 15 18 21 )
Total Steiner tree weight: 5

A graph with single node:
( )
Total Steiner tree weight: 0

K_7 graph with self loop:
( 4 9 14 17 20 )
Total Steiner tree weight: 5

A graph with n-1 terminals:
0 1 2 3 4 5 6 7
value: 8.000000

A graph with 1 terminal:

value: 0.000000

A graph with 2 terminals:
12
value: 1.000000

A graph with 3 terminals:
10 12
value: 2.000000

A graph:
Tree edges:
0 1 2 3 4 5 6 7
value: 8.000000

A graph with 8 terminals:
Tree edges:
1 2 3 4 5 6 7
value: 7.000000

A graph with 7 terminals and 2 removed to test if it forces it to go through:
Tree edges:
1 2 3 4 5 6 7
value: 7.000000

A graph with different structure that previous
Tree edges:
0 1 2 4 6 7
value: 6.000000

A simple square graph with few more edges outside the square
Tree edges:
0 2 3 5
value: 4.000000

A 3 vertices square graph with weights
Tree edges:
0 1 3 8 11
value: 500.000000
